Resolved 44 packages in 0.91ms
   Building relayforge @ file:///D:/Projects/kubernetes-first-shift/helm/relayforge
  × Failed to build `relayforge @
  │ file:///D:/Projects/kubernetes-first-shift/helm/relayforge`
  ├─▶ The build backend returned an error
  ╰─▶ Call to `setuptools.build_meta.build_editable` failed (exit code: 1)

      [stdout]
      running editable_wheel
      creating
      D:\Projects\kubernetes-first-shift\.uv-cache\builds-v0\.tmpf1oSo7\.tmp-212hpk7h\relayforge.egg-info

      [stderr]
      Traceback (most recent call last):
        File
      "D:\Projects\kubernetes-first-shift\.uv-cache\builds-v0\.tmpqTRWbm\Lib\site-packages\setuptools\_distutils\dir_util.py",
      line 61, in mkpath
          name.mkdir(mode=mode, parents=True, exist_ok=True)
        File
      "C:\Users\Pavel\AppData\Roaming\uv\python\cpython-3.12-windows-x86_64-none\Lib\pathlib.py",
      line 1311, in mkdir
          os.mkdir(self, mode)
      PermissionError: [WinError 5] Отказано в доступе:
      'D:\\Projects\\kubernetes-first-shift\\.uv-cache\\builds-v0\\.tmpf1oSo7\\.tmp-212hpk7h\\relayforge.egg-info'

      During handling of the above exception, another exception occurred:

      Traceback (most recent call last):
        File
      "D:\Projects\kubernetes-first-shift\.uv-cache\builds-v0\.tmpqTRWbm\Lib\site-packages\setuptools\_distutils\core.py",
      line 184, in run_commands
          dist.run_commands()
        File
      "D:\Projects\kubernetes-first-shift\.uv-cache\builds-v0\.tmpqTRWbm\Lib\site-packages\setuptools\_distutils\dist.py",
      line 1028, in run_commands
          self.run_command(cmd)
        File
      "D:\Projects\kubernetes-first-shift\.uv-cache\builds-v0\.tmpqTRWbm\Lib\site-packages\setuptools\dist.py",
      line 1106, in run_command
          super().run_command(command)
        File
      "D:\Projects\kubernetes-first-shift\.uv-cache\builds-v0\.tmpqTRWbm\Lib\site-packages\setuptools\_distutils\dist.py",
      line 1047, in run_command
          cmd_obj.run()
        File
      "D:\Projects\kubernetes-first-shift\.uv-cache\builds-v0\.tmpqTRWbm\Lib\site-packages\setuptools\command\editable_wheel.py",
      line 135, in run
          self._ensure_dist_info()
        File
      "D:\Projects\kubernetes-first-shift\.uv-cache\builds-v0\.tmpqTRWbm\Lib\site-packages\setuptools\command\editable_wheel.py",
      line 158, in _ensure_dist_info
          dist_info.run()
        File
      "D:\Projects\kubernetes-first-shift\.uv-cache\builds-v0\.tmpqTRWbm\Lib\site-packages\setuptools\command\dist_info.py",
      line 98, in run
          self.egg_info.run()
        File
      "D:\Projects\kubernetes-first-shift\.uv-cache\builds-v0\.tmpqTRWbm\Lib\site-packages\setuptools\command\egg_info.py",
      line 327, in run
          self.mkpath(self.egg_info)
        File
      "D:\Projects\kubernetes-first-shift\.uv-cache\builds-v0\.tmpqTRWbm\Lib\site-packages\setuptools\_distutils\cmd.py",
      line 372, in mkpath
          dir_util.mkpath(name, mode)
        File
      "C:\Users\Pavel\AppData\Roaming\uv\python\cpython-3.12-windows-x86_64-none\Lib\functools.py",
      line 912, in wrapper
          return dispatch(args[0].__class__)(*args, **kw)
                 ^^^^^^^^^^^^^^^^^^^^^^^^^^^^^^^^^^^^^^^^
        File
      "D:\Projects\kubernetes-first-shift\.uv-cache\builds-v0\.tmpqTRWbm\Lib\site-packages\setuptools\_distutils\dir_util.py",
      line 68, in _
          return mkpath(pathlib.Path(name), *args, **kwargs)
                 ^^^^^^^^^^^^^^^^^^^^^^^^^^^^^^^^^^^^^^^^^^^
        File
      "C:\Users\Pavel\AppData\Roaming\uv\python\cpython-3.12-windows-x86_64-none\Lib\functools.py",
      line 912, in wrapper
          return dispatch(args[0].__class__)(*args, **kw)
                 ^^^^^^^^^^^^^^^^^^^^^^^^^^^^^^^^^^^^^^^^
        File
      "D:\Projects\kubernetes-first-shift\.uv-cache\builds-v0\.tmpqTRWbm\Lib\site-packages\setuptools\_distutils\dir_util.py",
      line 35, in wrapper
          result = func(path, *args, **kwargs)
                   ^^^^^^^^^^^^^^^^^^^^^^^^^^^
        File
      "D:\Projects\kubernetes-first-shift\.uv-cache\builds-v0\.tmpqTRWbm\Lib\site-packages\setuptools\_distutils\dir_util.py",
      line 63, in mkpath
          raise DistutilsFileError(f"could not create '{name}':
      {exc.args[-1]}")
      distutils.errors.DistutilsFileError: could not create
      'D:\Projects\kubernetes-first-shift\.uv-cache\builds-v0\.tmpf1oSo7\.tmp-212hpk7h\relayforge.egg-info':
      Отказано в доступе
      An error occurred when building editable wheel for relayforge.
      See debugging tips in:
      https://setuptools.pypa.io/en/latest/userguide/development_mode.html#debugging-tips

      During handling of the above exception, another exception occurred:

      Traceback (most recent call last):
        File
      "D:\Projects\kubernetes-first-shift\.uv-cache\builds-v0\.tmpqTRWbm\Lib\site-packages\setuptools\build_meta.py",
      line 410, in _build_with_temp_dir
          self.run_setup()
        File
      "D:\Projects\kubernetes-first-shift\.uv-cache\builds-v0\.tmpqTRWbm\Lib\site-packages\setuptools\build_meta.py",
      line 317, in run_setup
          exec(code, locals())  # noqa: S102 # exec is intentional here
          ^^^^^^^^^^^^^^^^^^^^
        File "<string>", line 1, in <module>
        File
      "D:\Projects\kubernetes-first-shift\.uv-cache\builds-v0\.tmpqTRWbm\Lib\site-packages\setuptools\__init__.py",
      line 117, in setup
          return distutils.core.setup(**attrs)  # type: ignore[return-value]
                 ^^^^^^^^^^^^^^^^^^^^^^^^^^^^^
        File
      "D:\Projects\kubernetes-first-shift\.uv-cache\builds-v0\.tmpqTRWbm\Lib\site-packages\setuptools\_distutils\core.py",
      line 168, in setup
          return run_commands(dist)
                 ^^^^^^^^^^^^^^^^^^
        File
      "D:\Projects\kubernetes-first-shift\.uv-cache\builds-v0\.tmpqTRWbm\Lib\site-packages\setuptools\_distutils\core.py",
      line 198, in run_commands
          raise SystemExit(f"error: {msg}")
      SystemExit: error: could not create
      'D:\Projects\kubernetes-first-shift\.uv-cache\builds-v0\.tmpf1oSo7\.tmp-212hpk7h\relayforge.egg-info':
      Отказано в доступе

      During handling of the above exception, another exception occurred:

      Traceback (most recent call last):
        File "<frozen os>", line 366, in walk
      PermissionError: [WinError 5] Отказано в доступе:
      'D:\\Projects\\kubernetes-first-shift\\.uv-cache\\builds-v0\\.tmpf1oSo7\\.tmp-212hpk7h'

      During handling of the above exception, another exception occurred:

      Traceback (most recent call last):
        File "<string>", line 11, in <module>
        File
      "D:\Projects\kubernetes-first-shift\.uv-cache\builds-v0\.tmpqTRWbm\Lib\site-packages\setuptools\build_meta.py",
      line 474, in build_editable
          return self._build_with_temp_dir(
                 ^^^^^^^^^^^^^^^^^^^^^^^^^^
        File
      "D:\Projects\kubernetes-first-shift\.uv-cache\builds-v0\.tmpqTRWbm\Lib\site-packages\setuptools\build_meta.py",
      line 398, in _build_with_temp_dir
          with tempfile.TemporaryDirectory(
               ^^^^^^^^^^^^^^^^^^^^^^^^^^^^
        File
      "C:\Users\Pavel\AppData\Roaming\uv\python\cpython-3.12-windows-x86_64-none\Lib\tempfile.py",
      line 950, in __exit__
          self.cleanup()
        File
      "C:\Users\Pavel\AppData\Roaming\uv\python\cpython-3.12-windows-x86_64-none\Lib\tempfile.py",
      line 954, in cleanup
          self._rmtree(self.name, ignore_errors=self._ignore_cleanup_errors)
        File
      "C:\Users\Pavel\AppData\Roaming\uv\python\cpython-3.12-windows-x86_64-none\Lib\tempfile.py",
      line 934, in _rmtree
          _shutil.rmtree(name, onexc=onexc)
        File
      "C:\Users\Pavel\AppData\Roaming\uv\python\cpython-3.12-windows-x86_64-none\Lib\shutil.py",
      line 781, in rmtree
          return _rmtree_unsafe(path, onexc)
                 ^^^^^^^^^^^^^^^^^^^^^^^^^^^
        File
      "C:\Users\Pavel\AppData\Roaming\uv\python\cpython-3.12-windows-x86_64-none\Lib\shutil.py",
      line 623, in _rmtree_unsafe
          for dirpath, dirnames, filenames in results:
                                              ^^^^^^^
        File "<frozen os>", line 369, in walk
        File
      "C:\Users\Pavel\AppData\Roaming\uv\python\cpython-3.12-windows-x86_64-none\Lib\shutil.py",
      line 621, in onerror
          onexc(os.scandir, err.filename, err)
        File
      "C:\Users\Pavel\AppData\Roaming\uv\python\cpython-3.12-windows-x86_64-none\Lib\tempfile.py",
      line 906, in onexc
          _resetperms(path)
        File
      "C:\Users\Pavel\AppData\Roaming\uv\python\cpython-3.12-windows-x86_64-none\Lib\tempfile.py",
      line 286, in _resetperms
          _dont_follow_symlinks(_os.chmod, path, 0o700)
        File
      "C:\Users\Pavel\AppData\Roaming\uv\python\cpython-3.12-windows-x86_64-none\Lib\tempfile.py",
      line 277, in _dont_follow_symlinks
          func(path, *args)
      PermissionError: [WinError 5] Отказано в доступе:
      'D:\\Projects\\kubernetes-first-shift\\.uv-cache\\builds-v0\\.tmpf1oSo7\\.tmp-212hpk7h'

      hint: This usually indicates a problem with the package or the build
      environment.
